	NoStatus       =true
	DownloadPath   =/home/sam/Downloads
	UploadPath     =/home/sam/
[Clutch BBS]
	Address        =clutch.darktech.org
	Port           =23
	Added          =Feb 25 2014 12:58:39
	LastConnected  =Nov 28 2016 11:40:42
	TotalCalls     =119
	UserName       =
	Password       =
	SystemPassword =
	ConnectionType =Telnet
	ScreenMode     =Current
	NoStatus       =true
	DownloadPath   =/home/sam/Downloads
	UploadPath     =/home/sam/
	LogFile        =
	TransferLogLevel=Info
	TelnetLogLevel =Info
	AppendLogFile  =true
	BPSRate        =0
	ANSIMusic      =1
	Font           =Codepage 437 English


[Black Flag BBS]
	Address        =blackflag.acid.org
	Port           =23
	Added          =Mar  8 2014 00:46:59
	LastConnected  =Oct 28 2016 19:58:15
	TotalCalls     =27
	UserName       =
	Password       =
	SystemPassword =
	ConnectionType =Telnet
	ScreenMode     =Current
	NoStatus       =true
	DownloadPath   =/home/sam/Downloads
	UploadPath     =/home/sam/
	LogFile        =
	TransferLogLevel=Info
	TelnetLogLevel =Info
	AppendLogFile  =true
	BPSRate        =0
	ANSIMusic      =1
	Font           =Codepage 437 English


[FatCatsBBS]
	Address        =fatcatsbbs.com
	Port           =23
	Added          =Mar 22 2014 16:31:22
	LastConnected  =Nov  4 2016 21:16:12
	TotalCalls     =18
	UserName       =
	Password       =
	SystemPassword =
	ConnectionType =Telnet
	ScreenMode     =Current
	NoStatus       =true
	DownloadPath   =/home/sam/Downloads
	UploadPath     =/home/sam/
	LogFile        =
	TransferLogLevel=Info
	TelnetLogLevel =Info
	AppendLogFile  =true
	BPSRate        =0
	ANSIMusic      =1
	Font           =Codepage 437 English


[gukkmud]
	Address        =84.202.115.109
	Port           =6666
	Added          =Apr 14 2014 16:18:52
	LastConnected  =Apr 20 2014 16:34:35
	TotalCalls     =4
	UserName       =
	Password       =
	SystemPassword =
	ConnectionType =Telnet
	ScreenMode     =Current
	NoStatus       =true
	DownloadPath   =/home/sam/Downloads
	UploadPath     =/home/sam/
	LogFile        =
	TransferLogLevel=Info
	TelnetLogLevel =Info
	AppendLogFile  =true
	BPSRate        =0
	ANSIMusic      =1
	Font           =Codepage 437 English


[Blood Island]
	Address        =BLOODISLAND.PH4.SE
	Port           =23
	Added          =Apr 30 2014 22:44:22
	LastConnected  =Feb 27 2015 21:56:14
	TotalCalls     =4
	UserName       =
	Password       =
	SystemPassword =
	ConnectionType =Telnet
	ScreenMode     =Current
	NoStatus       =true
	DownloadPath   =/home/sam/Downloads
	UploadPath     =/home/sam/
	LogFile        =
	TransferLogLevel=Info
	TelnetLogLevel =Info
	AppendLogFile  =true
	BPSRate        =0
	ANSIMusic      =1
	Font           =Codepage 437 English


[Black Flag BBS ASCII]
	Address        =blackflag.acid.org
	Port           =2425
	Added          =May 12 2014 13:14:31
	LastConnected  =Oct 23 2015 11:40:47
	TotalCalls     =2
	UserName       =
	Password       =
	SystemPassword =
	ConnectionType =Telnet
	ScreenMode     =Current
	NoStatus       =true
	DownloadPath   =/home/sam/Downloads
	UploadPath     =/home/sam/
	LogFile        =
	TransferLogLevel=Info
	TelnetLogLevel =Info
	AppendLogFile  =true
	BPSRate        =0
	ANSIMusic      =1
	Font           =Codepage 437 English


[Haciend]
	Address        =haciend.bbs.fi
	Port           =23
	Added          =May 21 2014 16:19:37
	LastConnected  =May  7 2016 10:30:21
	TotalCalls     =10
	UserName       =
	Password       =
	SystemPassword =
	ConnectionType =Telnet
	ScreenMode     =Current
	NoStatus       =true
	DownloadPath   =/home/sam/Downloads
	UploadPath     =/home/sam/
	LogFile        =
	TransferLogLevel=Info
	TelnetLogLevel =Info
	AppendLogFile  =true
	BPSRate        =0
	ANSIMusic      =1
	Font           =Codepage 437 English


[Cyberia]
	Address        =cyberia.darktech.org
	Port           =23
	Added          =Jun 11 2014 20:32:20
	LastConnected  =Nov 24 2016 16:23:04
	TotalCalls     =41
	UserName       =
	Password       =
	SystemPassword =
	ConnectionType =Telnet
	ScreenMode     =Current
	NoStatus       =true
	DownloadPath   =/home/sam/Downloads
	UploadPath     =/home/sam/
	LogFile        =
	TransferLogLevel=Info
	TelnetLogLevel =Info
	AppendLogFile  =true
	BPSRate        =0
	ANSIMusic      =1
	Font           =Codepage 437 English


[Antishop]
	Address        =garage.pwnz.org
	Port           =23
	Added          =Jun 21 2014 16:06:34
	LastConnected  =Jun 21 2014 16:06:35
	TotalCalls     =1
	UserName       =
	Password       =
	SystemPassword =
	ConnectionType =Telnet
	ScreenMode     =Current
	NoStatus       =true
	DownloadPath   =/home/sam/Downloads
	UploadPath     =/home/sam/
	LogFile        =
	TransferLogLevel=Info
	TelnetLogLevel =Info
	AppendLogFile  =true
	BPSRate        =0
	ANSIMusic      =1
	Font           =Codepage 437 English


[Black Flag BBS DayDream]
	Address        =blackflag.acid.org
	Port           =2627
	Added          =Aug  4 2014 22:52:58
	LastConnected  =Oct 23 2015 11:41:08
	TotalCalls     =3
	UserName       =
	Password       =
	SystemPassword =
	ConnectionType =Telnet
	ScreenMode     =Current
	NoStatus       =true
	DownloadPath   =/home/sam/Downloads
	UploadPath     =/home/sam/
	LogFile        =
	TransferLogLevel=Info
	TelnetLogLevel =Info
	AppendLogFile  =true
	BPSRate        =0
	ANSIMusic      =1
	Font           =Codepage 437 English


[SkullBase]
	Address        =copyright.info.tm
	Port           =2222
	Added          =Sep  7 2014 13:35:36
	LastConnected  =Nov  4 2016 21:47:47
	TotalCalls     =15
	UserName       =
	Password       =
	SystemPassword =
	ConnectionType =Raw
	ScreenMode     =Current
	NoStatus       =true
	DownloadPath   =/home/sam/Downloads
	UploadPath     =/home/sam/
	LogFile        =
	TransferLogLevel=Info
	TelnetLogLevel =Info
	AppendLogFile  =true
	BPSRate        =0
	ANSIMusic      =1
	Font           =Codepage 437 English


[Shodan's Core]
	Address        =shodan.synchro.net
	Port           =23
	Added          =Feb 13 2015 17:21:00
	LastConnected  =Apr  3 2015 23:59:56
	TotalCalls     =3
	UserName       =
	Password       =
	SystemPassword =
	ConnectionType =Telnet
	ScreenMode     =Current
	NoStatus       =true
	DownloadPath   =/home/sam/Downloads
	UploadPath     =/home/sam/
	LogFile        =
	TransferLogLevel=Info
	TelnetLogLevel =Info
	AppendLogFile  =true
	BPSRate        =0
	ANSIMusic      =1
	Font           =Codepage 437 English


[BlackICE]
	Address        =BlackICE.BBSindex.com
	Port           =23
	Added          =Mar  3 2015 00:56:51
	LastConnected  =Mar  3 2015 00:57:00
	TotalCalls     =1
	UserName       =
	Password       =
	SystemPassword =
	ConnectionType =Telnet
	ScreenMode     =Current
	NoStatus       =true
	DownloadPath   =/home/sam/Downloads
	UploadPath     =/home/sam/
	LogFile        =
	TransferLogLevel=Info
	TelnetLogLevel =Info
	AppendLogFile  =true
	BPSRate        =0
	ANSIMusic      =1
	Font           =Codepage 437 English


[Dreamland]
	Address        =dreamland.darktech.org
	Port           =23
	Added          =Mar  3 2015 22:57:10
	LastConnected  =Nov 28 2016 11:55:36
	TotalCalls     =19
	UserName       =
	Password       =
	SystemPassword =
	ConnectionType =Telnet
	ScreenMode     =Current
	NoStatus       =true
	DownloadPath   =/home/sam/Downloads
	UploadPath     =/home/sam/
	LogFile        =
	TransferLogLevel=Info
	TelnetLogLevel =Info
	AppendLogFile  =true
	BPSRate        =0
	ANSIMusic      =1
	Font           =Codepage 437 English


[localhost]
	Address        =localhost
	Port           =23
	Added          =Mar  3 2015 23:40:29
	LastConnected  =Jul  9 2016 15:16:32
	TotalCalls     =7
	UserName       =
	Password       =
	SystemPassword =
	ConnectionType =Telnet
	ScreenMode     =Current
	NoStatus       =true
	DownloadPath   =/home/sam/Downloads
	UploadPath     =/home/sam/
	LogFile        =
	TransferLogLevel=Info
	TelnetLogLevel =Info
	AppendLogFile  =true
	BPSRate        =9600
	ANSIMusic      =1
	Font           =Codepage 437 English


[ElectronicChickenBBS]
	Address        =bbs.electronicchicken.com
	Port           =23
	Added          =May 25 2015 16:14:30
	LastConnected  =Nov 20 2016 17:14:58
	TotalCalls     =5
	UserName       =
	Password       =
	SystemPassword =
	ConnectionType =Telnet
	ScreenMode     =Current
	NoStatus       =true
	DownloadPath   =/home/sam/Downloads
	UploadPath     =/home/sam/
	LogFile        =
	TransferLogLevel=Info
	TelnetLogLevel =Info
	AppendLogFile  =true
	BPSRate        =0
	ANSIMusic      =1
	Font           =Codepage 437 English


[8BitMUSH]
	Address        =8bit.fansi.org
	Port           =4201
	Added          =Nov 23 2016 17:31:28
	LastConnected  =Nov 23 2016 17:31:38
	TotalCalls     =1
	UserName       =
	Password       =
	SystemPassword =
	ConnectionType =Telnet
	ScreenMode     =Current
	NoStatus       =true
	DownloadPath   =/home/sam/Downloads
	UploadPath     =/home/sam/
	LogFile        =
	TransferLogLevel=Info
	TelnetLogLevel =Info
	AppendLogFile  =true
	BPSRate        =0
	ANSIMusic      =1
	AddressFamily  =PerDNS
	Font           =Codepage 437 English
