[13CммппппппппАмм[21Cў
[11Cмп ммлллллллмм пўм  млммм[5Cмммллп
[10Cў мпмллллллллллллм опп мм пм мп ммм пм
[9Cл лноллллллллллллллВ млллллм лнолллплнон
[8Cонол ллллллллллллллллноллллллно лллоолл ппм м
[9CнолплллллллпВллллллл олллллп м оллоллнолнолн
[9Cл ллллллллллмАпплллн лллллл п ў  ппп  ллл н
[9Cонолллллллллллллм п  лллллн  мллммм  лллл л
[10Cл пллллллллллллллл олллллн оллллллл лллл л
[9Cл млмппппппмлллллллл ллллл   плллллп олллнонпмм
[8Cл оллллллллммллллллллоллллн    ллллн  олллн ммм ўм
[7CоА ллллллллллллллллллнолллл  Ам Вллл    ллллоллллнон
[7Cо  пллллллллллллллллп лллллнВллнАллл    ллллллпллл л
[8Cл   ппллллллллллпп   ллллллллмл лллл п оллллБмлллнонлл л ББ А
[9CпБм[5Cпппп    мпм  ллллллллмн лллп   ллллллллл л лл л ББ А
[12Cпппмммммммлп    В  плллллпп   п   А  ллллппп м  лл л ББ А
[29Cпм[7CмВпм  мВпм[6Cммп    э l d a
[31Cплллпппп   пп    пппппп
